// Jest Snapshot v1, https://goo.gl/fbAQLP

exports[`Events render after setting localstorage 1`] = `ShallowWrapper {}`;

exports[`Events should render correctly in "debug" mode 1`] = `ShallowWrapper {}`;
